// Jest Snapshot v1, https://goo.gl/fbAQLP

exports[`Render App snapshot testing 1`] = `ShallowWrapper {}`;
